+++++++++++++++++++++++++
++++++++++++++++++X++++++
++++++++++++++++++X++++++
++++++++++++++++++X++++++
+++++++++XX++++++++++++++
+++++++++XX++++++++++++++
+++++++++++++++++++++++++
+++++++++++++++++++++++++
+++++++++++++++++++++++++
+++++++++++++++++++++++++
++++++++++XXX++++++++++++
+++++++++++X+++++++++++++
+++++++++++X+++++++++++++
++++++++++XXX++++++++++++
+++++++++++++++++++++++++
++++++++++XXX++++++++++++
++++++++++XXX++++++++++++
+++++++++++++++++++++++++
++++++++++XXX++++++++++++
+++++++++++X+++++++++++++
+++++++++++X+++++++++++++
++++++++++XXX++++++++++++
+++++++++++++++++++++++++
+++++++++++++++++++++++++
+++++++++++++++++++++++++

+++++++++++++++++++++++++
+++++++++++++++++++++++++
+++++++++++++++++XXX+++++
+++++++++++++++++++++++++
+++++++++XX++++++++++++++
+++++++++XX++++++++++++++
+++++++++++++++++++++++++
+++++++++++++++++++++++++
+++++++++++++++++++++++++
+++++++++++X+++++++++++++
++++++++++XXX++++++++++++
+++++++++++++++++++++++++
+++++++++++++++++++++++++
++++++++++XXX++++++++++++
+++++++++++++++++++++++++
++++++++++X+X++++++++++++
++++++++++X+X++++++++++++
+++++++++++++++++++++++++
++++++++++XXX++++++++++++
+++++++++++++++++++++++++
+++++++++++++++++++++++++
++++++++++XXX++++++++++++
+++++++++++X+++++++++++++
+++++++++++++++++++++++++
+++++++++++++++++++++++++

+++++++++++++++++++++++++
++++++++++++++++++X++++++
++++++++++++++++++X++++++
++++++++++++++++++X++++++
+++++++++XX++++++++++++++
+++++++++XX++++++++++++++
+++++++++++++++++++++++++
+++++++++++++++++++++++++
+++++++++++++++++++++++++
++++++++++XXX++++++++++++
++++++++++XXX++++++++++++
+++++++++++X+++++++++++++
+++++++++++X+++++++++++++
+++++++++++X+++++++++++++
++++++++++X+X++++++++++++
+++++++++++++++++++++++++
+++++++++++++++++++++++++
++++++++++X+X++++++++++++
+++++++++++X+++++++++++++
+++++++++++X+++++++++++++
+++++++++++X+++++++++++++
++++++++++XXX++++++++++++
++++++++++XXX++++++++++++
+++++++++++++++++++++++++
+++++++++++++++++++++++++

+++++++++++++++++++++++++
+++++++++++++++++++++++++
+++++++++++++++++XXX+++++
+++++++++++++++++++++++++
+++++++++XX++++++++++++++
+++++++++XX++++++++++++++
+++++++++++++++++++++++++
+++++++++++++++++++++++++
+++++++++++X+++++++++++++
++++++++++X+X++++++++++++
+++++++++++++++++++++++++
+++++++++++++++++++++++++
++++++++++XXX++++++++++++
++++++++++XXX++++++++++++
+++++++++++X+++++++++++++
+++++++++++++++++++++++++
+++++++++++++++++++++++++
+++++++++++X+++++++++++++
++++++++++XXX++++++++++++
++++++++++XXX++++++++++++
+++++++++++++++++++++++++
+++++++++++++++++++++++++
++++++++++X+X++++++++++++
+++++++++++X+++++++++++++
+++++++++++++++++++++++++

+++++++++++++++++++++++++
++++++++++++++++++X++++++
++++++++++++++++++X++++++
++++++++++++++++++X++++++
+++++++++XX++++++++++++++
+++++++++XX++++++++++++++
+++++++++++++++++++++++++
+++++++++++++++++++++++++
+++++++++++X+++++++++++++
+++++++++++X+++++++++++++
+++++++++++++++++++++++++
+++++++++++X+++++++++++++
++++++++++X+X++++++++++++
+++++++++++++++++++++++++
++++++++++XXX++++++++++++
+++++++++++++++++++++++++
+++++++++++++++++++++++++
++++++++++XXX++++++++++++
+++++++++++++++++++++++++
++++++++++X+X++++++++++++
+++++++++++X+++++++++++++
+++++++++++++++++++++++++
+++++++++++X+++++++++++++
+++++++++++X+++++++++++++
+++++++++++++++++++++++++

+++++++++++++++++++++++++
+++++++++++++++++++++++++
+++++++++++++++++XXX+++++
+++++++++++++++++++++++++
+++++++++XX++++++++++++++
+++++++++XX++++++++++++++
+++++++++++++++++++++++++
+++++++++++++++++++++++++
+++++++++++++++++++++++++
+++++++++++++++++++++++++
+++++++++++++++++++++++++
+++++++++++X+++++++++++++
+++++++++++X+++++++++++++
++++++++++X+X++++++++++++
+++++++++++X+++++++++++++
+++++++++++X+++++++++++++
+++++++++++X+++++++++++++
+++++++++++X+++++++++++++
++++++++++X+X++++++++++++
+++++++++++X+++++++++++++
+++++++++++X+++++++++++++
+++++++++++++++++++++++++
+++++++++++++++++++++++++
+++++++++++++++++++++++++
+++++++++++++++++++++++++

+++++++++++++++++++++++++
++++++++++++++++++X++++++
++++++++++++++++++X++++++
++++++++++++++++++X++++++
+++++++++XX++++++++++++++
+++++++++XX++++++++++++++
+++++++++++++++++++++++++
+++++++++++++++++++++++++
+++++++++++++++++++++++++
+++++++++++++++++++++++++
+++++++++++++++++++++++++
+++++++++++++++++++++++++
++++++++++XXX++++++++++++
++++++++++X+X++++++++++++
++++++++++XXX++++++++++++
++++++++++XXX++++++++++++
++++++++++XXX++++++++++++
++++++++++XXX++++++++++++
++++++++++X+X++++++++++++
++++++++++XXX++++++++++++
+++++++++++++++++++++++++
+++++++++++++++++++++++++
+++++++++++++++++++++++++
+++++++++++++++++++++++++
+++++++++++++++++++++++++

+++++++++++++++++++++++++
+++++++++++++++++++++++++
+++++++++++++++++XXX+++++
+++++++++++++++++++++++++
+++++++++XX++++++++++++++
+++++++++XX++++++++++++++
+++++++++++++++++++++++++
+++++++++++++++++++++++++
+++++++++++++++++++++++++
+++++++++++++++++++++++++
+++++++++++++++++++++++++
+++++++++++X+++++++++++++
++++++++++X+X++++++++++++
+++++++++X+++X+++++++++++
+++++++++X+++X+++++++++++
+++++++++X+++X+++++++++++
+++++++++X+++X+++++++++++
+++++++++X+++X+++++++++++
+++++++++X+++X+++++++++++
++++++++++X+X++++++++++++
+++++++++++X+++++++++++++
+++++++++++++++++++++++++
+++++++++++++++++++++++++
+++++++++++++++++++++++++
+++++++++++++++++++++++++

+++++++++++++++++++++++++
++++++++++++++++++X++++++
++++++++++++++++++X++++++
++++++++++++++++++X++++++
+++++++++XX++++++++++++++
+++++++++XX++++++++++++++
+++++++++++++++++++++++++
+++++++++++++++++++++++++
+++++++++++++++++++++++++
+++++++++++++++++++++++++
+++++++++++++++++++++++++
+++++++++++X+++++++++++++
++++++++++XXX++++++++++++
+++++++++XX+XX+++++++++++
++++++++XXX+XXX++++++++++
++++++++XXX+XXX++++++++++
++++++++XXX+XXX++++++++++
++++++++XXX+XXX++++++++++
+++++++++XX+XX+++++++++++
++++++++++XXX++++++++++++
+++++++++++X+++++++++++++
+++++++++++++++++++++++++
+++++++++++++++++++++++++
+++++++++++++++++++++++++
+++++++++++++++++++++++++

+++++++++++++++++++++++++
+++++++++++++++++++++++++
+++++++++++++++++XXX+++++
+++++++++++++++++++++++++
+++++++++XX++++++++++++++
+++++++++XX++++++++++++++
+++++++++++++++++++++++++
+++++++++++++++++++++++++
+++++++++++++++++++++++++
+++++++++++++++++++++++++
+++++++++++++++++++++++++
++++++++++XXX++++++++++++
+++++++++X+++X+++++++++++
++++++++X+++++X++++++++++
+++++++++++++++++++++++++
+++++++X+++++++X+++++++++
+++++++X+++++++X+++++++++
+++++++++++++++++++++++++
++++++++X+++++X++++++++++
+++++++++X+++X+++++++++++
++++++++++XXX++++++++++++
+++++++++++++++++++++++++
+++++++++++++++++++++++++
+++++++++++++++++++++++++
+++++++++++++++++++++++++

+++++++++++++++++++++++++
++++++++++++++++++X++++++
++++++++++++++++++X++++++
++++++++++++++++++X++++++
+++++++++XX++++++++++++++
+++++++++XX++++++++++++++
+++++++++++++++++++++++++
+++++++++++++++++++++++++
+++++++++++++++++++++++++
+++++++++++++++++++++++++
+++++++++++X+++++++++++++
++++++++++XXX++++++++++++
+++++++++XXXXX+++++++++++
+++++++++++++++++++++++++
+++++++++++++++++++++++++
+++++++++++++++++++++++++
+++++++++++++++++++++++++
+++++++++++++++++++++++++
+++++++++++++++++++++++++
+++++++++XXXXX+++++++++++
++++++++++XXX++++++++++++
+++++++++++X+++++++++++++
+++++++++++++++++++++++++
+++++++++++++++++++++++++
+++++++++++++++++++++++++

+++++++++++++++++++++++++
+++++++++++++++++++++++++
+++++++++++++++++XXX+++++
+++++++++++++++++++++++++
+++++++++XX++++++++++++++
+++++++++XX++++++++++++++
+++++++++++++++++++++++++
+++++++++++++++++++++++++
+++++++++++++++++++++++++
+++++++++++++++++++++++++
++++++++++XXX++++++++++++
+++++++++X+++X+++++++++++
+++++++++X+++X+++++++++++
++++++++++XXX++++++++++++
+++++++++++++++++++++++++
+++++++++++++++++++++++++
+++++++++++++++++++++++++
+++++++++++++++++++++++++
++++++++++XXX++++++++++++
+++++++++X+++X+++++++++++
+++++++++X+++X+++++++++++
++++++++++XXX++++++++++++
+++++++++++++++++++++++++
+++++++++++++++++++++++++
+++++++++++++++++++++++++

+++++++++++++++++++++++++
++++++++++++++++++X++++++
++++++++++++++++++X++++++
++++++++++++++++++X++++++
+++++++++XX++++++++++++++
+++++++++XX++++++++++++++
+++++++++++++++++++++++++
+++++++++++++++++++++++++
+++++++++++++++++++++++++
+++++++++++X+++++++++++++
++++++++++XXX++++++++++++
+++++++++X+X+X+++++++++++
+++++++++X+X+X+++++++++++
++++++++++XXX++++++++++++
+++++++++++X+++++++++++++
+++++++++++++++++++++++++
+++++++++++++++++++++++++
+++++++++++X+++++++++++++
++++++++++XXX++++++++++++
+++++++++X+X+X+++++++++++
+++++++++X+X+X+++++++++++
++++++++++XXX++++++++++++
+++++++++++X+++++++++++++
+++++++++++++++++++++++++
+++++++++++++++++++++++++

+++++++++++++++++++++++++
+++++++++++++++++++++++++
+++++++++++++++++XXX+++++
+++++++++++++++++++++++++
+++++++++XX++++++++++++++
+++++++++XX++++++++++++++
+++++++++++++++++++++++++
+++++++++++++++++++++++++
+++++++++++++++++++++++++
++++++++++XXX++++++++++++
+++++++++++++++++++++++++
+++++++++X+++X+++++++++++
+++++++++X+++X+++++++++++
+++++++++++++++++++++++++
++++++++++XXX++++++++++++
+++++++++++++++++++++++++
+++++++++++++++++++++++++
++++++++++XXX++++++++++++
+++++++++++++++++++++++++
+++++++++X+++X+++++++++++
+++++++++X+++X+++++++++++
+++++++++++++++++++++++++
++++++++++XXX++++++++++++
+++++++++++++++++++++++++
+++++++++++++++++++++++++

+++++++++++++++++++++++++
++++++++++++++++++X++++++
++++++++++++++++++X++++++
++++++++++++++++++X++++++
+++++++++XX++++++++++++++
+++++++++XX++++++++++++++
+++++++++++++++++++++++++
+++++++++++++++++++++++++
+++++++++++X+++++++++++++
+++++++++++X+++++++++++++
++++++++++XXX++++++++++++
+++++++++++++++++++++++++
+++++++++++++++++++++++++
++++++++++XXX++++++++++++
+++++++++++X+++++++++++++
+++++++++++X+++++++++++++
+++++++++++X+++++++++++++
+++++++++++X+++++++++++++
++++++++++XXX++++++++++++
+++++++++++++++++++++++++
+++++++++++++++++++++++++
++++++++++XXX++++++++++++
+++++++++++X+++++++++++++
+++++++++++X+++++++++++++
+++++++++++++++++++++++++

+++++++++++++++++++++++++
+++++++++++++++++++++++++
+++++++++++++++++XXX+++++
+++++++++++++++++++++++++
+++++++++XX++++++++++++++
+++++++++XX++++++++++++++
+++++++++++++++++++++++++
+++++++++++++++++++++++++
+++++++++++++++++++++++++
+++++++++++++++++++++++++
++++++++++XXX++++++++++++
+++++++++++X+++++++++++++
+++++++++++X+++++++++++++
++++++++++XXX++++++++++++
+++++++++++++++++++++++++
++++++++++XXX++++++++++++
++++++++++XXX++++++++++++
+++++++++++++++++++++++++
++++++++++XXX++++++++++++
+++++++++++X+++++++++++++
+++++++++++X+++++++++++++
++++++++++XXX++++++++++++
+++++++++++++++++++++++++
+++++++++++++++++++++++++
+++++++++++++++++++++++++

